// Jest Snapshot v1, https://goo.gl/fbAQLP

exports[`Empty Components (without slots,methods,props,events) can be forced to be rendered Does render an empty component by with @vuese in the description 1`] = `
Object {
  "componentName": "MyComponent",
  "content": "# MyComponent

This is a description of the component

",
}
`;

exports[`Empty Components (without slots,methods,props,events) can be forced to be rendered Does render an empty component by with @vuese in the description 2`] = `Object {}`;

exports[`Proper rendering of the table header 1`] = `
Object {
  "events": "|Event Name|Description|Parameters|
|---|---|---|
|click|Triggered when clicked|a boolean value|
",
  "methods": "|Method|Description|Parameters|
|---|---|---|
|clear|Clear form|a boolean value|
",
  "props": "|Name|Description|Type|Required|Default|
|---|---|---|---|---|
|someProp|Represents the direction of the arrow|\`TOP\` / \`BOTTOM\`|\`true\`|\`TOP\`|
",
  "slots": "|Name|Description|Default Slot Content|
|---|---|---|
|header|Table header|\`<th>{{title}}</th>\`|
",
}
`;

exports[`Proper rendering of the table header 2`] = `
Object {
  "componentName": "MyComponent",
  "content": "# MyComponent

This is a description of the component

## Props

<!-- @vuese:MyComponent:props:start -->
|Name|Description|Type|Required|Default|
|---|---|---|---|---|
|someProp|Represents the direction of the arrow|\`TOP\` / \`BOTTOM\`|\`true\`|\`TOP\`|

<!-- @vuese:MyComponent:props:end -->


## Events

<!-- @vuese:MyComponent:events:start -->
|Event Name|Description|Parameters|
|---|---|---|
|click|Triggered when clicked|a boolean value|

<!-- @vuese:MyComponent:events:end -->


## Slots

<!-- @vuese:MyComponent:slots:start -->
|Name|Description|Default Slot Content|
|---|---|---|
|header|Table header|\`<th>{{title}}</th>\`|

<!-- @vuese:MyComponent:slots:end -->


## Methods

<!-- @vuese:MyComponent:methods:start -->
|Method|Description|Parameters|
|---|---|---|
|clear|Clear form|a boolean value|

<!-- @vuese:MyComponent:methods:end -->


",
}
`;
